------------------------------------------------------------
Timing Analyzer Summary
------------------------------------------------------------

Type  : Slow 1100mV 85C Model Setup 'CLOCK3_50'
Slack : 2.598
TNS   : 0.000

Type  : Slow 1100mV 85C Model Hold 'CLOCK3_50'
Slack : 0.244
TNS   : 0.000

Type  : Slow 1100mV 85C Model Minimum Pulse Width 'CLOCK3_50'
Slack : 8.807
TNS   : 0.000

Type  : Slow 1100mV 0C Model Setup 'CLOCK3_50'
Slack : 2.669
TNS   : 0.000

Type  : Slow 1100mV 0C Model Hold 'CLOCK3_50'
Slack : 0.234
TNS   : 0.000

Type  : Slow 1100mV 0C Model Minimum Pulse Width 'CLOCK3_50'
Slack : 8.797
TNS   : 0.000

Type  : Fast 1100mV 85C Model Setup 'CLOCK3_50'
Slack : 10.937
TNS   : 0.000

Type  : Fast 1100mV 85C Model Hold 'CLOCK3_50'
Slack : 0.131
TNS   : 0.000

Type  : Fast 1100mV 85C Model Minimum Pulse Width 'CLOCK3_50'
Slack : 8.741
TNS   : 0.000

Type  : Fast 1100mV 0C Model Setup 'CLOCK3_50'
Slack : 11.799
TNS   : 0.000

Type  : Fast 1100mV 0C Model Hold 'CLOCK3_50'
Slack : 0.119
TNS   : 0.000

Type  : Fast 1100mV 0C Model Minimum Pulse Width 'CLOCK3_50'
Slack : 8.742
TNS   : 0.000

------------------------------------------------------------
